0:0:0:0:0:0:0:1 - - [10/Oct/2020:18:43:19 +0800] "GET / HTTP/1.1" 404 796 25 Mozilla/5.0 (Windows NT 10.0; Win64; x64) AppleWebKit/537.36 (KHTML, like Gecko) Chrome/86.0.4240.75 Safari/537.36 Edg/86.0.622.38
0:0:0:0:0:0:0:1 - - [10/Oct/2020:18:43:19 +0800] "GET /favicon.ico HTTP/1.1" 404 796 1 Mozilla/5.0 (Windows NT 10.0; Win64; x64) AppleWebKit/537.36 (KHTML, like Gecko) Chrome/86.0.4240.75 Safari/537.36 Edg/86.0.622.38
0:0:0:0:0:0:0:1 - - [10/Oct/2020:18:43:28 +0800] "GET /nacos HTTP/1.1" 302 - 0 Mozilla/5.0 (Windows NT 10.0; Win64; x64) AppleWebKit/537.36 (KHTML, like Gecko) Chrome/86.0.4240.75 Safari/537.36 Edg/86.0.622.38
0:0:0:0:0:0:0:1 - - [10/Oct/2020:18:43:28 +0800] "GET /nacos/ HTTP/1.1" 200 2624 88 Mozilla/5.0 (Windows NT 10.0; Win64; x64) AppleWebKit/537.36 (KHTML, like Gecko) Chrome/86.0.4240.75 Safari/537.36 Edg/86.0.622.38
0:0:0:0:0:0:0:1 - - [10/Oct/2020:18:43:28 +0800] "GET /nacos/console-fe/public/css/console1412.css HTTP/1.1" 200 156959 21 Mozilla/5.0 (Windows NT 10.0; Win64; x64) AppleWebKit/537.36 (KHTML, like Gecko) Chrome/86.0.4240.75 Safari/537.36 Edg/86.0.622.38
0:0:0:0:0:0:0:1 - - [10/Oct/2020:18:43:28 +0800] "GET /nacos/console-fe/public/css/font-awesome.css HTTP/1.1" 200 33850 9 Mozilla/5.0 (Windows NT 10.0; Win64; x64) AppleWebKit/537.36 (KHTML, like Gecko) Chrome/86.0.4240.75 Safari/537.36 Edg/86.0.622.38
0:0:0:0:0:0:0:1 - - [10/Oct/2020:18:43:28 +0800] "GET /nacos/console-fe/public/css/codemirror.css HTTP/1.1" 200 8858 28 Mozilla/5.0 (Windows NT 10.0; Win64; x64) AppleWebKit/537.36 (KHTML, like Gecko) Chrome/86.0.4240.75 Safari/537.36 Edg/86.0.622.38
0:0:0:0:0:0:0:1 - - [10/Oct/2020:18:43:28 +0800] "GET /nacos/console-fe/public/css/bootstrap.css HTTP/1.1" 200 123294 39 Mozilla/5.0 (Windows NT 10.0; Win64; x64) AppleWebKit/537.36 (KHTML, like Gecko) Chrome/86.0.4240.75 Safari/537.36 Edg/86.0.622.38
0:0:0:0:0:0:0:1 - - [10/Oct/2020:18:43:28 +0800] "GET /nacos/console-fe/public/css/merge.css HTTP/1.1" 200 3866 20 Mozilla/5.0 (Windows NT 10.0; Win64; x64) AppleWebKit/537.36 (KHTML, like Gecko) Chrome/86.0.4240.75 Safari/537.36 Edg/86.0.622.38
0:0:0:0:0:0:0:1 - - [10/Oct/2020:18:43:28 +0800] "GET /nacos/console-fe/public/css/icon.css HTTP/1.1" 200 5176 18 Mozilla/5.0 (Windows NT 10.0; Win64; x64) AppleWebKit/537.36 (KHTML, like Gecko) Chrome/86.0.4240.75 Safari/537.36 Edg/86.0.622.38
0:0:0:0:0:0:0:1 - - [10/Oct/2020:18:43:28 +0800] "GET /nacos/console-fe/public/js/jquery.js HTTP/1.1" 200 89476 10 Mozilla/5.0 (Windows NT 10.0; Win64; x64) AppleWebKit/537.36 (KHTML, like Gecko) Chrome/86.0.4240.75 Safari/537.36 Edg/86.0.622.38
0:0:0:0:0:0:0:1 - - [10/Oct/2020:18:43:28 +0800] "GET /nacos/console-fe/public/js/xml.js HTTP/1.1" 200 13059 15 Mozilla/5.0 (Windows NT 10.0; Win64; x64) AppleWebKit/537.36 (KHTML, like Gecko) Chrome/86.0.4240.75 Safari/537.36 Edg/86.0.622.38
0:0:0:0:0:0:0:1 - - [10/Oct/2020:18:43:28 +0800] "GET /nacos/console-fe/public/js/javascript.js HTTP/1.1" 200 32209 15 Mozilla/5.0 (Windows NT 10.0; Win64; x64) AppleWebKit/537.36 (KHTML, like Gecko) Chrome/86.0.4240.75 Safari/537.36 Edg/86.0.622.38
0:0:0:0:0:0:0:1 - - [10/Oct/2020:18:43:28 +0800] "GET /nacos/console-fe/public/js/codemirror.js HTTP/1.1" 200 366246 27 Mozilla/5.0 (Windows NT 10.0; Win64; x64) AppleWebKit/537.36 (KHTML, like Gecko) Chrome/86.0.4240.75 Safari/537.36 Edg/86.0.622.38
0:0:0:0:0:0:0:1 - - [10/Oct/2020:18:43:28 +0800] "GET /nacos/console-fe/public/js/codemirror.addone.fullscreen.js HTTP/1.1" 200 1983 10 Mozilla/5.0 (Windows NT 10.0; Win64; x64) AppleWebKit/537.36 (KHTML, like Gecko) Chrome/86.0.4240.75 Safari/537.36 Edg/86.0.622.38
0:0:0:0:0:0:0:1 - - [10/Oct/2020:18:43:28 +0800] "GET /nacos/css/main.css HTTP/1.1" 200 444221 40 Mozilla/5.0 (Windows NT 10.0; Win64; x64) AppleWebKit/537.36 (KHTML, like Gecko) Chrome/86.0.4240.75 Safari/537.36 Edg/86.0.622.38
0:0:0:0:0:0:0:1 - - [10/Oct/2020:18:43:28 +0800] "GET /nacos/console-fe/public/js/codemirror.addone.lint.js HTTP/1.1" 200 8521 9 Mozilla/5.0 (Windows NT 10.0; Win64; x64) AppleWebKit/537.36 (KHTML, like Gecko) Chrome/86.0.4240.75 Safari/537.36 Edg/86.0.622.38
0:0:0:0:0:0:0:1 - - [10/Oct/2020:18:43:28 +0800] "GET /nacos/console-fe/public/js/codemirror.addone.json-lint.js HTTP/1.1" 200 1443 10 Mozilla/5.0 (Windows NT 10.0; Win64; x64) AppleWebKit/537.36 (KHTML, like Gecko) Chrome/86.0.4240.75 Safari/537.36 Edg/86.0.622.38
0:0:0:0:0:0:0:1 - - [10/Oct/2020:18:43:28 +0800] "GET /nacos/console-fe/public/js/codemirror.lib.json-lint.js HTTP/1.1" 200 16798 15 Mozilla/5.0 (Windows NT 10.0; Win64; x64) AppleWebKit/537.36 (KHTML, like Gecko) Chrome/86.0.4240.75 Safari/537.36 Edg/86.0.622.38
0:0:0:0:0:0:0:1 - - [10/Oct/2020:18:43:28 +0800] "GET /nacos/console-fe/public/js/codemirror.lib.clike-lint.js HTTP/1.1" 200 31531 10 Mozilla/5.0 (Windows NT 10.0; Win64; x64) AppleWebKit/537.36 (KHTML, like Gecko) Chrome/86.0.4240.75 Safari/537.36 Edg/86.0.622.38
0:0:0:0:0:0:0:1 - - [10/Oct/2020:18:43:28 +0800] "GET /nacos/console-fe/public/js/diff_match_patch.js HTTP/1.1" 200 19192 11 Mozilla/5.0 (Windows NT 10.0; Win64; x64) AppleWebKit/537.36 (KHTML, like Gecko) Chrome/86.0.4240.75 Safari/537.36 Edg/86.0.622.38
0:0:0:0:0:0:0:1 - - [10/Oct/2020:18:43:28 +0800] "GET /nacos/console-fe/public/js/loader.js HTTP/1.1" 200 28899 13 Mozilla/5.0 (Windows NT 10.0; Win64; x64) AppleWebKit/537.36 (KHTML, like Gecko) Chrome/86.0.4240.75 Safari/537.36 Edg/86.0.622.38
0:0:0:0:0:0:0:1 - - [10/Oct/2020:18:43:28 +0800] "GET /nacos/console-fe/public/js/merge.js HTTP/1.1" 200 37883 11 Mozilla/5.0 (Windows NT 10.0; Win64; x64) AppleWebKit/537.36 (KHTML, like Gecko) Chrome/86.0.4240.75 Safari/537.36 Edg/86.0.622.38
0:0:0:0:0:0:0:1 - - [10/Oct/2020:18:43:28 +0800] "GET /nacos/js/main.js HTTP/1.1" 200 1381374 44 Mozilla/5.0 (Windows NT 10.0; Win64; x64) AppleWebKit/537.36 (KHTML, like Gecko) Chrome/86.0.4240.75 Safari/537.36 Edg/86.0.622.38
0:0:0:0:0:0:0:1 - - [10/Oct/2020:18:43:29 +0800] "GET /nacos/console-fe/public/js/vs/editor/editor.main.js HTTP/1.1" 200 1824087 33 Mozilla/5.0 (Windows NT 10.0; Win64; x64) AppleWebKit/537.36 (KHTML, like Gecko) Chrome/86.0.4240.75 Safari/537.36 Edg/86.0.622.38
0:0:0:0:0:0:0:1 - - [10/Oct/2020:18:43:29 +0800] "GET /nacos/img/logo-2000-390.svg HTTP/1.1" 200 2106 12 Mozilla/5.0 (Windows NT 10.0; Win64; x64) AppleWebKit/537.36 (KHTML, like Gecko) Chrome/86.0.4240.75 Safari/537.36 Edg/86.0.622.38
0:0:0:0:0:0:0:1 - - [10/Oct/2020:18:43:29 +0800] "GET /nacos/v1/console/server/state?accessToken=eyJhbGciOiJIUzI1NiJ9.eyJzdWIiOiJuYWNvcyIsImV4cCI6MTYwMjI0NTk3MH0.WQtTWZahcPT3H8PAnXYfTd7hJvMZZ66ptYyOH_CAOOg HTTP/1.1" 200 82 72 Mozilla/5.0 (Windows NT 10.0; Win64; x64) AppleWebKit/537.36 (KHTML, like Gecko) Chrome/86.0.4240.75 Safari/537.36 Edg/86.0.622.38
0:0:0:0:0:0:0:1 - - [10/Oct/2020:18:43:29 +0800] "GET /nacos/console-fe/public/icons/icon-font.woff2 HTTP/1.1" 404 177 49 Mozilla/5.0 (Windows NT 10.0; Win64; x64) AppleWebKit/537.36 (KHTML, like Gecko) Chrome/86.0.4240.75 Safari/537.36 Edg/86.0.622.38
0:0:0:0:0:0:0:1 - - [10/Oct/2020:18:43:29 +0800] "GET /nacos/v1/console/namespaces?&accessToken=eyJhbGciOiJIUzI1NiJ9.eyJzdWIiOiJuYWNvcyIsImV4cCI6MTYwMjI0NTk3MH0.WQtTWZahcPT3H8PAnXYfTd7hJvMZZ66ptYyOH_CAOOg&namespaceId= HTTP/1.1" 200 130 18 Mozilla/5.0 (Windows NT 10.0; Win64; x64) AppleWebKit/537.36 (KHTML, like Gecko) Chrome/86.0.4240.75 Safari/537.36 Edg/86.0.622.38
0:0:0:0:0:0:0:1 - - [10/Oct/2020:18:43:29 +0800] "GET /nacos/v1/cs/configs?dataId=&group=&appName=&config_tags=&pageNo=1&pageSize=10&tenant=&search=accurate&accessToken=eyJhbGciOiJIUzI1NiJ9.eyJzdWIiOiJuYWNvcyIsImV4cCI6MTYwMjI0NTk3MH0.WQtTWZahcPT3H8PAnXYfTd7hJvMZZ66ptYyOH_CAOOg HTTP/1.1" 200 76 33 Mozilla/5.0 (Windows NT 10.0; Win64; x64) AppleWebKit/537.36 (KHTML, like Gecko) Chrome/86.0.4240.75 Safari/537.36 Edg/86.0.622.38
0:0:0:0:0:0:0:1 - - [10/Oct/2020:18:43:29 +0800] "GET /nacos/console-fe/public/js/vs/editor/editor.main.css HTTP/1.1" 200 172199 10 Mozilla/5.0 (Windows NT 10.0; Win64; x64) AppleWebKit/537.36 (KHTML, like Gecko) Chrome/86.0.4240.75 Safari/537.36 Edg/86.0.622.38
0:0:0:0:0:0:0:1 - - [10/Oct/2020:18:43:29 +0800] "GET /nacos/console-fe/public/js/vs/editor/editor.main.nls.zh-cn.js HTTP/1.1" 200 22864 7 Mozilla/5.0 (Windows NT 10.0; Win64; x64) AppleWebKit/537.36 (KHTML, like Gecko) Chrome/86.0.4240.75 Safari/537.36 Edg/86.0.622.38
0:0:0:0:0:0:0:1 - - [10/Oct/2020:18:43:29 +0800] "GET /nacos/console-fe/public/icons/icon-font.woff HTTP/1.1" 200 5504 7 Mozilla/5.0 (Windows NT 10.0; Win64; x64) AppleWebKit/537.36 (KHTML, like Gecko) Chrome/86.0.4240.75 Safari/537.36 Edg/86.0.622.38
0:0:0:0:0:0:0:1 - - [10/Oct/2020:18:43:29 +0800] "GET /nacos/console-fe/public/img/favicon.ico HTTP/1.1" 200 4286 10 Mozilla/5.0 (Windows NT 10.0; Win64; x64) AppleWebKit/537.36 (KHTML, like Gecko) Chrome/86.0.4240.75 Safari/537.36 Edg/86.0.622.38
0:0:0:0:0:0:0:1 - - [10/Oct/2020:18:43:38 +0800] "GET /nacos/ HTTP/1.1" 304 - 9 Mozilla/5.0 (Windows NT 10.0; Win64; x64) AppleWebKit/537.36 (KHTML, like Gecko) Chrome/86.0.4240.75 Safari/537.36 Edg/86.0.622.38
0:0:0:0:0:0:0:1 - - [10/Oct/2020:18:43:39 +0800] "GET /nacos/v1/console/namespaces?&accessToken=eyJhbGciOiJIUzI1NiJ9.eyJzdWIiOiJuYWNvcyIsImV4cCI6MTYwMjI0NTk3MH0.WQtTWZahcPT3H8PAnXYfTd7hJvMZZ66ptYyOH_CAOOg&namespaceId= HTTP/1.1" 200 130 9 Mozilla/5.0 (Windows NT 10.0; Win64; x64) AppleWebKit/537.36 (KHTML, like Gecko) Chrome/86.0.4240.75 Safari/537.36 Edg/86.0.622.38
0:0:0:0:0:0:0:1 - - [10/Oct/2020:18:43:39 +0800] "GET /nacos/v1/console/server/state?accessToken=eyJhbGciOiJIUzI1NiJ9.eyJzdWIiOiJuYWNvcyIsImV4cCI6MTYwMjI0NTk3MH0.WQtTWZahcPT3H8PAnXYfTd7hJvMZZ66ptYyOH_CAOOg HTTP/1.1" 200 82 5 Mozilla/5.0 (Windows NT 10.0; Win64; x64) AppleWebKit/537.36 (KHTML, like Gecko) Chrome/86.0.4240.75 Safari/537.36 Edg/86.0.622.38
0:0:0:0:0:0:0:1 - - [10/Oct/2020:18:43:39 +0800] "GET /nacos/v1/cs/configs?dataId=&group=&appName=&config_tags=&pageNo=1&pageSize=10&tenant=&search=accurate&accessToken=eyJhbGciOiJIUzI1NiJ9.eyJzdWIiOiJuYWNvcyIsImV4cCI6MTYwMjI0NTk3MH0.WQtTWZahcPT3H8PAnXYfTd7hJvMZZ66ptYyOH_CAOOg HTTP/1.1" 200 76 6 Mozilla/5.0 (Windows NT 10.0; Win64; x64) AppleWebKit/537.36 (KHTML, like Gecko) Chrome/86.0.4240.75 Safari/537.36 Edg/86.0.622.38
0:0:0:0:0:0:0:1 - - [10/Oct/2020:18:43:39 +0800] "GET /nacos/console-fe/public/icons/icon-font.woff2 HTTP/1.1" 404 177 10 Mozilla/5.0 (Windows NT 10.0; Win64; x64) AppleWebKit/537.36 (KHTML, like Gecko) Chrome/86.0.4240.75 Safari/537.36 Edg/86.0.622.38
0:0:0:0:0:0:0:1 - - [10/Oct/2020:18:43:39 +0800] "GET /nacos/console-fe/public/img/favicon.ico HTTP/1.1" 200 4286 3 Mozilla/5.0 (Windows NT 10.0; Win64; x64) AppleWebKit/537.36 (KHTML, like Gecko) Chrome/86.0.4240.75 Safari/537.36 Edg/86.0.622.38
0:0:0:0:0:0:0:1 - - [10/Oct/2020:18:52:48 +0800] "GET /nacos/console-fe/public/js/vs/base/worker/workerMain.js HTTP/1.1" 200 151535 9 Mozilla/5.0 (Windows NT 10.0; Win64; x64) AppleWebKit/537.36 (KHTML, like Gecko) Chrome/86.0.4240.75 Safari/537.36 Edg/86.0.622.38
0:0:0:0:0:0:0:1 - - [10/Oct/2020:18:54:10 +0800] "GET /nacos/console-fe/public/js/vs/basic-languages/src/yaml.js HTTP/1.1" 200 3869 6 Mozilla/5.0 (Windows NT 10.0; Win64; x64) AppleWebKit/537.36 (KHTML, like Gecko) Chrome/86.0.4240.75 Safari/537.36 Edg/86.0.622.38
0:0:0:0:0:0:0:1 - - [10/Oct/2020:18:55:20 +0800] "GET /nacos/v1/cs/configs?&accessToken=eyJhbGciOiJIUzI1NiJ9.eyJzdWIiOiJuYWNvcyIsImV4cCI6MTYwMjI0NTk3MH0.WQtTWZahcPT3H8PAnXYfTd7hJvMZZ66ptYyOH_CAOOg&show=all&dataId=nacos-config-client-dev.yml&group=DEFAULT_GROUP&tenant=&namespaceId= HTTP/1.1" 200 - 16 Mozilla/5.0 (Windows NT 10.0; Win64; x64) AppleWebKit/537.36 (KHTML, like Gecko) Chrome/86.0.4240.75 Safari/537.36 Edg/86.0.622.38
0:0:0:0:0:0:0:1 - - [10/Oct/2020:18:55:20 +0800] "POST /nacos/v1/cs/configs?&accessToken=eyJhbGciOiJIUzI1NiJ9.eyJzdWIiOiJuYWNvcyIsImV4cCI6MTYwMjI0NTk3MH0.WQtTWZahcPT3H8PAnXYfTd7hJvMZZ66ptYyOH_CAOOg HTTP/1.1" 200 14 64 Mozilla/5.0 (Windows NT 10.0; Win64; x64) AppleWebKit/537.36 (KHTML, like Gecko) Chrome/86.0.4240.75 Safari/537.36 Edg/86.0.622.38
192.168.1.103 - - [10/Oct/2020:18:55:20 +0800] "GET /nacos/v1/cs/communication/dataChange?dataId=nacos-config-client-dev.yml&group=DEFAULT_GROUP HTTP/1.1" 200 14 6 Apache-HttpAsyncClient/4.1.3 (Java/13.0.1)
0:0:0:0:0:0:0:1 - - [10/Oct/2020:18:55:25 +0800] "GET /nacos/v1/cs/configs?dataId=&group=&appName=&config_tags=&pageNo=1&pageSize=10&tenant=&search=accurate&accessToken=eyJhbGciOiJIUzI1NiJ9.eyJzdWIiOiJuYWNvcyIsImV4cCI6MTYwMjI0NTk3MH0.WQtTWZahcPT3H8PAnXYfTd7hJvMZZ66ptYyOH_CAOOg HTTP/1.1" 200 265 16 Mozilla/5.0 (Windows NT 10.0; Win64; x64) AppleWebKit/537.36 (KHTML, like Gecko) Chrome/86.0.4240.75 Safari/537.36 Edg/86.0.622.38
127.0.0.1 - - [10/Oct/2020:18:56:24 +0800] "GET /nacos/v1/cs/configs?dataId=nacos-config-client.yaml&group=DEFAULT_GROUP HTTP/1.1" 404 23 6 Java/13.0.1
127.0.0.1 - - [10/Oct/2020:18:56:24 +0800] "GET /nacos/v1/cs/configs?dataId=nacos-config-client-dev.yaml&group=DEFAULT_GROUP HTTP/1.1" 404 23 2 Java/13.0.1
127.0.0.1 - - [10/Oct/2020:18:56:27 +0800] "POST /nacos/v1/ns/instance?groupName=DEFAULT_GROUP&metadata=%7B%22preserved.register.source%22%3A%22SPRING_CLOUD%22%7D&namespaceId=public&port=3377&enable=true&healthy=true&clusterName=DEFAULT&ip=192.168.1.103&weight=1.0&ephemeral=true&serviceName=DEFAULT_GROUP%40%40nacos-config-client&encoding=UTF-8 HTTP/1.1" 200 2 80 Nacos-Java-Client:v1.1.1
127.0.0.1 - - [10/Oct/2020:18:56:27 +0800] "PUT /nacos/v1/ns/instance/beat?beat=%7B%22cluster%22%3A%22DEFAULT%22%2C%22ip%22%3A%22192.168.1.103%22%2C%22metadata%22%3A%7B%22preserved.register.source%22%3A%22SPRING_CLOUD%22%7D%2C%22period%22%3A5000%2C%22port%22%3A3377%2C%22scheduled%22%3Afalse%2C%22serviceName%22%3A%22DEFAULT_GROUP%40%40nacos-config-client%22%2C%22stopped%22%3Afalse%2C%22weight%22%3A1.0%7D&serviceName=DEFAULT_GROUP%40%40nacos-config-client&encoding=UTF-8&namespaceId=public HTTP/1.1" 200 75 83 Nacos-Java-Client:v1.1.1
127.0.0.1 - - [10/Oct/2020:18:56:28 +0800] "DELETE /nacos/v1/ns/instance?namespaceId=public&port=3377&clusterName=DEFAULT&ip=192.168.1.103&ephemeral=true&serviceName=DEFAULT_GROUP%40%40nacos-config-client&encoding=UTF-8 HTTP/1.1" 200 2 4 Nacos-Java-Client:v1.1.1
0:0:0:0:0:0:0:1 - - [10/Oct/2020:18:56:49 +0800] "GET /nacos/v1/cs/configs?dataId=nacos-config-client-dev.yml&group=DEFAULT_GROUP&namespaceId=&tenant=&beta=true&accessToken=eyJhbGciOiJIUzI1NiJ9.eyJzdWIiOiJuYWNvcyIsImV4cCI6MTYwMjI0NTk3MH0.WQtTWZahcPT3H8PAnXYfTd7hJvMZZ66ptYyOH_CAOOg HTTP/1.1" 200 60 11 Mozilla/5.0 (Windows NT 10.0; Win64; x64) AppleWebKit/537.36 (KHTML, like Gecko) Chrome/86.0.4240.75 Safari/537.36 Edg/86.0.622.38
0:0:0:0:0:0:0:1 - - [10/Oct/2020:18:56:50 +0800] "GET /nacos/v1/cs/configs?dataId=nacos-config-client-dev.yml&group=DEFAULT_GROUP&namespaceId=&tenant=&show=all&accessToken=eyJhbGciOiJIUzI1NiJ9.eyJzdWIiOiJuYWNvcyIsImV4cCI6MTYwMjI0NTk3MH0.WQtTWZahcPT3H8PAnXYfTd7hJvMZZ66ptYyOH_CAOOg HTTP/1.1" 200 401 22 Mozilla/5.0 (Windows NT 10.0; Win64; x64) AppleWebKit/537.36 (KHTML, like Gecko) Chrome/86.0.4240.75 Safari/537.36 Edg/86.0.622.38
0:0:0:0:0:0:0:1 - - [10/Oct/2020:18:57:02 +0800] "GET /nacos/v1/cs/configs?dataId=&group=&appName=&config_tags=&pageNo=1&pageSize=10&tenant=&search=accurate&accessToken=eyJhbGciOiJIUzI1NiJ9.eyJzdWIiOiJuYWNvcyIsImV4cCI6MTYwMjI0NTk3MH0.WQtTWZahcPT3H8PAnXYfTd7hJvMZZ66ptYyOH_CAOOg HTTP/1.1" 200 265 5 Mozilla/5.0 (Windows NT 10.0; Win64; x64) AppleWebKit/537.36 (KHTML, like Gecko) Chrome/86.0.4240.75 Safari/537.36 Edg/86.0.622.38
0:0:0:0:0:0:0:1 - - [10/Oct/2020:18:57:22 +0800] "DELETE /nacos/v1/cs/configs?dataId=nacos-config-client-dev.yml&group=DEFAULT_GROUP&tenant=&accessToken=eyJhbGciOiJIUzI1NiJ9.eyJzdWIiOiJuYWNvcyIsImV4cCI6MTYwMjI0NTk3MH0.WQtTWZahcPT3H8PAnXYfTd7hJvMZZ66ptYyOH_CAOOg HTTP/1.1" 200 14 18 Mozilla/5.0 (Windows NT 10.0; Win64; x64) AppleWebKit/537.36 (KHTML, like Gecko) Chrome/86.0.4240.75 Safari/537.36 Edg/86.0.622.38
192.168.1.103 - - [10/Oct/2020:18:57:22 +0800] "GET /nacos/v1/cs/communication/dataChange?dataId=nacos-config-client-dev.yml&group=DEFAULT_GROUP HTTP/1.1" 200 14 5 Apache-HttpAsyncClient/4.1.3 (Java/13.0.1)
0:0:0:0:0:0:0:1 - - [10/Oct/2020:18:57:22 +0800] "GET /nacos/v1/cs/configs?dataId=&group=&appName=&config_tags=&pageNo=1&pageSize=10&tenant=&search=accurate&accessToken=eyJhbGciOiJIUzI1NiJ9.eyJzdWIiOiJuYWNvcyIsImV4cCI6MTYwMjI0NTk3MH0.WQtTWZahcPT3H8PAnXYfTd7hJvMZZ66ptYyOH_CAOOg HTTP/1.1" 200 76 4 Mozilla/5.0 (Windows NT 10.0; Win64; x64) AppleWebKit/537.36 (KHTML, like Gecko) Chrome/86.0.4240.75 Safari/537.36 Edg/86.0.622.38
0:0:0:0:0:0:0:1 - - [10/Oct/2020:18:58:05 +0800] "GET /nacos/v1/cs/configs?&accessToken=eyJhbGciOiJIUzI1NiJ9.eyJzdWIiOiJuYWNvcyIsImV4cCI6MTYwMjI0NTk3MH0.WQtTWZahcPT3H8PAnXYfTd7hJvMZZ66ptYyOH_CAOOg&show=all&dataId=nacos-config-client-dev.yaml&group=DEFAULT_GROUP&tenant=&namespaceId= HTTP/1.1" 200 - 7 Mozilla/5.0 (Windows NT 10.0; Win64; x64) AppleWebKit/537.36 (KHTML, like Gecko) Chrome/86.0.4240.75 Safari/537.36 Edg/86.0.622.38
0:0:0:0:0:0:0:1 - - [10/Oct/2020:18:58:05 +0800] "POST /nacos/v1/cs/configs?&accessToken=eyJhbGciOiJIUzI1NiJ9.eyJzdWIiOiJuYWNvcyIsImV4cCI6MTYwMjI0NTk3MH0.WQtTWZahcPT3H8PAnXYfTd7hJvMZZ66ptYyOH_CAOOg HTTP/1.1" 200 14 10 Mozilla/5.0 (Windows NT 10.0; Win64; x64) AppleWebKit/537.36 (KHTML, like Gecko) Chrome/86.0.4240.75 Safari/537.36 Edg/86.0.622.38
192.168.1.103 - - [10/Oct/2020:18:58:05 +0800] "GET /nacos/v1/cs/communication/dataChange?dataId=nacos-config-client-dev.yaml&group=DEFAULT_GROUP HTTP/1.1" 200 14 5 Apache-HttpAsyncClient/4.1.3 (Java/13.0.1)
0:0:0:0:0:0:0:1 - - [10/Oct/2020:18:58:08 +0800] "GET /nacos/v1/cs/configs?dataId=&group=&appName=&config_tags=&pageNo=1&pageSize=10&tenant=&search=accurate&accessToken=eyJhbGciOiJIUzI1NiJ9.eyJzdWIiOiJuYWNvcyIsImV4cCI6MTYwMjI0NTk3MH0.WQtTWZahcPT3H8PAnXYfTd7hJvMZZ66ptYyOH_CAOOg HTTP/1.1" 200 300 4 Mozilla/5.0 (Windows NT 10.0; Win64; x64) AppleWebKit/537.36 (KHTML, like Gecko) Chrome/86.0.4240.75 Safari/537.36 Edg/86.0.622.38
127.0.0.1 - - [10/Oct/2020:18:58:17 +0800] "GET /nacos/v1/cs/configs?dataId=nacos-config-client.yaml&group=DEFAULT_GROUP HTTP/1.1" 404 23 3 Java/13.0.1
127.0.0.1 - - [10/Oct/2020:18:58:17 +0800] "GET /nacos/v1/cs/configs?dataId=nacos-config-client-dev.yaml&group=DEFAULT_GROUP HTTP/1.1" 200 84 14 Java/13.0.1
127.0.0.1 - - [10/Oct/2020:18:58:21 +0800] "POST /nacos/v1/ns/instance?groupName=DEFAULT_GROUP&metadata=%7B%22preserved.register.source%22%3A%22SPRING_CLOUD%22%7D&namespaceId=public&port=3377&enable=true&healthy=true&clusterName=DEFAULT&ip=192.168.1.103&weight=1.0&ephemeral=true&serviceName=DEFAULT_GROUP%40%40nacos-config-client&encoding=UTF-8 HTTP/1.1" 200 2 6 Nacos-Java-Client:v1.1.1
127.0.0.1 - - [10/Oct/2020:18:58:21 +0800] "PUT /nacos/v1/ns/instance/beat?beat=%7B%22cluster%22%3A%22DEFAULT%22%2C%22ip%22%3A%22192.168.1.103%22%2C%22metadata%22%3A%7B%22preserved.register.source%22%3A%22SPRING_CLOUD%22%7D%2C%22period%22%3A5000%2C%22port%22%3A3377%2C%22scheduled%22%3Afalse%2C%22serviceName%22%3A%22DEFAULT_GROUP%40%40nacos-config-client%22%2C%22stopped%22%3Afalse%2C%22weight%22%3A1.0%7D&serviceName=DEFAULT_GROUP%40%40nacos-config-client&encoding=UTF-8&namespaceId=public HTTP/1.1" 200 75 7 Nacos-Java-Client:v1.1.1
127.0.0.1 - - [10/Oct/2020:18:58:21 +0800] "POST /nacos/v1/cs/configs/listener HTTP/1.1" 200 - 3 Java/13.0.1
127.0.0.1 - - [10/Oct/2020:18:58:22 +0800] "GET /nacos/v1/cs/configs?dataId=nacos-config-client-dev.yaml&group=DEFAULT_GROUP HTTP/1.1" 200 84 3 Java/13.0.1
127.0.0.1 - - [10/Oct/2020:18:58:22 +0800] "GET /nacos/v1/cs/configs?dataId=nacos-config-client.yaml&group=DEFAULT_GROUP HTTP/1.1" 404 23 1 Java/13.0.1
127.0.0.1 - - [10/Oct/2020:18:58:22 +0800] "GET /nacos/v1/ns/service/list?pageSize=2147483647&groupName=DEFAULT_GROUP&encoding=UTF-8&namespaceId=public&pageNo=1 HTTP/1.1" 200 53 8 Nacos-Java-Client:v1.1.1
127.0.0.1 - - [10/Oct/2020:18:58:26 +0800] "PUT /nacos/v1/ns/instance/beat?beat=%7B%22cluster%22%3A%22DEFAULT%22%2C%22ip%22%3A%22192.168.1.103%22%2C%22metadata%22%3A%7B%22preserved.register.source%22%3A%22SPRING_CLOUD%22%7D%2C%22period%22%3A5000%2C%22port%22%3A3377%2C%22scheduled%22%3Afalse%2C%22serviceName%22%3A%22DEFAULT_GROUP%40%40nacos-config-client%22%2C%22stopped%22%3Afalse%2C%22weight%22%3A1.0%7D&serviceName=DEFAULT_GROUP%40%40nacos-config-client&encoding=UTF-8&namespaceId=public HTTP/1.1" 200 75 3 Nacos-Java-Client:v1.1.1
127.0.0.1 - - [10/Oct/2020:18:58:31 +0800] "PUT /nacos/v1/ns/instance/beat?beat=%7B%22cluster%22%3A%22DEFAULT%22%2C%22ip%22%3A%22192.168.1.103%22%2C%22metadata%22%3A%7B%22preserved.register.source%22%3A%22SPRING_CLOUD%22%7D%2C%22period%22%3A5000%2C%22port%22%3A3377%2C%22scheduled%22%3Afalse%2C%22serviceName%22%3A%22DEFAULT_GROUP%40%40nacos-config-client%22%2C%22stopped%22%3Afalse%2C%22weight%22%3A1.0%7D&serviceName=DEFAULT_GROUP%40%40nacos-config-client&encoding=UTF-8&namespaceId=public HTTP/1.1" 200 75 4 Nacos-Java-Client:v1.1.1
127.0.0.1 - - [10/Oct/2020:18:58:36 +0800] "PUT /nacos/v1/ns/instance/beat?beat=%7B%22cluster%22%3A%22DEFAULT%22%2C%22ip%22%3A%22192.168.1.103%22%2C%22metadata%22%3A%7B%22preserved.register.source%22%3A%22SPRING_CLOUD%22%7D%2C%22period%22%3A5000%2C%22port%22%3A3377%2C%22scheduled%22%3Afalse%2C%22serviceName%22%3A%22DEFAULT_GROUP%40%40nacos-config-client%22%2C%22stopped%22%3Afalse%2C%22weight%22%3A1.0%7D&serviceName=DEFAULT_GROUP%40%40nacos-config-client&encoding=UTF-8&namespaceId=public HTTP/1.1" 200 75 4 Nacos-Java-Client:v1.1.1
0:0:0:0:0:0:0:1 - - [10/Oct/2020:18:58:40 +0800] "GET /nacos/v1/cs/configs?dataId=nacos-config-client-dev.yaml&group=DEFAULT_GROUP&namespaceId=&tenant=&beta=true&accessToken=eyJhbGciOiJIUzI1NiJ9.eyJzdWIiOiJuYWNvcyIsImV4cCI6MTYwMjI0NTk3MH0.WQtTWZahcPT3H8PAnXYfTd7hJvMZZ66ptYyOH_CAOOg HTTP/1.1" 200 60 6 Mozilla/5.0 (Windows NT 10.0; Win64; x64) AppleWebKit/537.36 (KHTML, like Gecko) Chrome/86.0.4240.75 Safari/537.36 Edg/86.0.622.38
0:0:0:0:0:0:0:1 - - [10/Oct/2020:18:58:40 +0800] "GET /nacos/v1/cs/configs?dataId=nacos-config-client-dev.yaml&group=DEFAULT_GROUP&namespaceId=&tenant=&show=all&accessToken=eyJhbGciOiJIUzI1NiJ9.eyJzdWIiOiJuYWNvcyIsImV4cCI6MTYwMjI0NTk3MH0.WQtTWZahcPT3H8PAnXYfTd7hJvMZZ66ptYyOH_CAOOg HTTP/1.1" 200 435 3 Mozilla/5.0 (Windows NT 10.0; Win64; x64) AppleWebKit/537.36 (KHTML, like Gecko) Chrome/86.0.4240.75 Safari/537.36 Edg/86.0.622.38
127.0.0.1 - - [10/Oct/2020:18:58:41 +0800] "PUT /nacos/v1/ns/instance/beat?beat=%7B%22cluster%22%3A%22DEFAULT%22%2C%22ip%22%3A%22192.168.1.103%22%2C%22metadata%22%3A%7B%22preserved.register.source%22%3A%22SPRING_CLOUD%22%7D%2C%22period%22%3A5000%2C%22port%22%3A3377%2C%22scheduled%22%3Afalse%2C%22serviceName%22%3A%22DEFAULT_GROUP%40%40nacos-config-client%22%2C%22stopped%22%3Afalse%2C%22weight%22%3A1.0%7D&serviceName=DEFAULT_GROUP%40%40nacos-config-client&encoding=UTF-8&namespaceId=public HTTP/1.1" 200 75 3 Nacos-Java-Client:v1.1.1
0:0:0:0:0:0:0:1 - - [10/Oct/2020:18:58:44 +0800] "POST /nacos/v1/cs/configs?accessToken=eyJhbGciOiJIUzI1NiJ9.eyJzdWIiOiJuYWNvcyIsImV4cCI6MTYwMjI0NTk3MH0.WQtTWZahcPT3H8PAnXYfTd7hJvMZZ66ptYyOH_CAOOg HTTP/1.1" 200 14 92 Mozilla/5.0 (Windows NT 10.0; Win64; x64) AppleWebKit/537.36 (KHTML, like Gecko) Chrome/86.0.4240.75 Safari/537.36 Edg/86.0.622.38
192.168.1.103 - - [10/Oct/2020:18:58:44 +0800] "GET /nacos/v1/cs/communication/dataChange?dataId=nacos-config-client-dev.yaml&group=DEFAULT_GROUP HTTP/1.1" 200 14 5 Apache-HttpAsyncClient/4.1.3 (Java/13.0.1)
0:0:0:0:0:0:0:1 - - [10/Oct/2020:18:58:44 +0800] "GET /nacos/v1/cs/configs?dataId=nacos-config-client-dev.yaml&group=DEFAULT_GROUP&namespaceId=&tenant=&show=all&accessToken=eyJhbGciOiJIUzI1NiJ9.eyJzdWIiOiJuYWNvcyIsImV4cCI6MTYwMjI0NTk3MH0.WQtTWZahcPT3H8PAnXYfTd7hJvMZZ66ptYyOH_CAOOg HTTP/1.1" 200 427 5 Mozilla/5.0 (Windows NT 10.0; Win64; x64) AppleWebKit/537.36 (KHTML, like Gecko) Chrome/86.0.4240.75 Safari/537.36 Edg/86.0.622.38
127.0.0.1 - - [10/Oct/2020:18:58:45 +0800] "POST /nacos/v1/cs/configs/listener HTTP/1.1" 200 49 23261 Java/13.0.1
127.0.0.1 - - [10/Oct/2020:18:58:45 +0800] "GET /nacos/v1/cs/configs?dataId=nacos-config-client-dev.yaml&group=DEFAULT_GROUP HTTP/1.1" 200 84 2 Java/13.0.1
127.0.0.1 - - [10/Oct/2020:18:58:46 +0800] "PUT /nacos/v1/ns/instance/beat?beat=%7B%22cluster%22%3A%22DEFAULT%22%2C%22ip%22%3A%22192.168.1.103%22%2C%22metadata%22%3A%7B%22preserved.register.source%22%3A%22SPRING_CLOUD%22%7D%2C%22period%22%3A5000%2C%22port%22%3A3377%2C%22scheduled%22%3Afalse%2C%22serviceName%22%3A%22DEFAULT_GROUP%40%40nacos-config-client%22%2C%22stopped%22%3Afalse%2C%22weight%22%3A1.0%7D&serviceName=DEFAULT_GROUP%40%40nacos-config-client&encoding=UTF-8&namespaceId=public HTTP/1.1" 200 75 3 Nacos-Java-Client:v1.1.1
127.0.0.1 - - [10/Oct/2020:18:58:46 +0800] "GET /nacos/v1/cs/configs?dataId=nacos-config-client.yaml&group=DEFAULT_GROUP HTTP/1.1" 404 23 3 Java/13.0.1
127.0.0.1 - - [10/Oct/2020:18:58:46 +0800] "GET /nacos/v1/cs/configs?dataId=nacos-config-client-dev.yaml&group=DEFAULT_GROUP HTTP/1.1" 200 84 2 Java/13.0.1
127.0.0.1 - - [10/Oct/2020:18:58:51 +0800] "PUT /nacos/v1/ns/instance/beat?beat=%7B%22cluster%22%3A%22DEFAULT%22%2C%22ip%22%3A%22192.168.1.103%22%2C%22metadata%22%3A%7B%22preserved.register.source%22%3A%22SPRING_CLOUD%22%7D%2C%22period%22%3A5000%2C%22port%22%3A3377%2C%22scheduled%22%3Afalse%2C%22serviceName%22%3A%22DEFAULT_GROUP%40%40nacos-config-client%22%2C%22stopped%22%3Afalse%2C%22weight%22%3A1.0%7D&serviceName=DEFAULT_GROUP%40%40nacos-config-client&encoding=UTF-8&namespaceId=public HTTP/1.1" 200 75 4 Nacos-Java-Client:v1.1.1
127.0.0.1 - - [10/Oct/2020:18:58:56 +0800] "PUT /nacos/v1/ns/instance/beat?beat=%7B%22cluster%22%3A%22DEFAULT%22%2C%22ip%22%3A%22192.168.1.103%22%2C%22metadata%22%3A%7B%22preserved.register.source%22%3A%22SPRING_CLOUD%22%7D%2C%22period%22%3A5000%2C%22port%22%3A3377%2C%22scheduled%22%3Afalse%2C%22serviceName%22%3A%22DEFAULT_GROUP%40%40nacos-config-client%22%2C%22stopped%22%3Afalse%2C%22weight%22%3A1.0%7D&serviceName=DEFAULT_GROUP%40%40nacos-config-client&encoding=UTF-8&namespaceId=public HTTP/1.1" 200 75 4 Nacos-Java-Client:v1.1.1
127.0.0.1 - - [10/Oct/2020:18:59:01 +0800] "PUT /nacos/v1/ns/instance/beat?beat=%7B%22cluster%22%3A%22DEFAULT%22%2C%22ip%22%3A%22192.168.1.103%22%2C%22metadata%22%3A%7B%22preserved.register.source%22%3A%22SPRING_CLOUD%22%7D%2C%22period%22%3A5000%2C%22port%22%3A3377%2C%22scheduled%22%3Afalse%2C%22serviceName%22%3A%22DEFAULT_GROUP%40%40nacos-config-client%22%2C%22stopped%22%3Afalse%2C%22weight%22%3A1.0%7D&serviceName=DEFAULT_GROUP%40%40nacos-config-client&encoding=UTF-8&namespaceId=public HTTP/1.1" 200 75 3 Nacos-Java-Client:v1.1.1
127.0.0.1 - - [10/Oct/2020:18:59:06 +0800] "PUT /nacos/v1/ns/instance/beat?beat=%7B%22cluster%22%3A%22DEFAULT%22%2C%22ip%22%3A%22192.168.1.103%22%2C%22metadata%22%3A%7B%22preserved.register.source%22%3A%22SPRING_CLOUD%22%7D%2C%22period%22%3A5000%2C%22port%22%3A3377%2C%22scheduled%22%3Afalse%2C%22serviceName%22%3A%22DEFAULT_GROUP%40%40nacos-config-client%22%2C%22stopped%22%3Afalse%2C%22weight%22%3A1.0%7D&serviceName=DEFAULT_GROUP%40%40nacos-config-client&encoding=UTF-8&namespaceId=public HTTP/1.1" 200 75 2 Nacos-Java-Client:v1.1.1
127.0.0.1 - - [10/Oct/2020:18:59:11 +0800] "PUT /nacos/v1/ns/instance/beat?beat=%7B%22cluster%22%3A%22DEFAULT%22%2C%22ip%22%3A%22192.168.1.103%22%2C%22metadata%22%3A%7B%22preserved.register.source%22%3A%22SPRING_CLOUD%22%7D%2C%22period%22%3A5000%2C%22port%22%3A3377%2C%22scheduled%22%3Afalse%2C%22serviceName%22%3A%22DEFAULT_GROUP%40%40nacos-config-client%22%2C%22stopped%22%3Afalse%2C%22weight%22%3A1.0%7D&serviceName=DEFAULT_GROUP%40%40nacos-config-client&encoding=UTF-8&namespaceId=public HTTP/1.1" 200 75 4 Nacos-Java-Client:v1.1.1
127.0.0.1 - - [10/Oct/2020:18:59:15 +0800] "POST /nacos/v1/cs/configs/listener HTTP/1.1" 200 - 29511 Java/13.0.1
127.0.0.1 - - [10/Oct/2020:18:59:16 +0800] "PUT /nacos/v1/ns/instance/beat?beat=%7B%22cluster%22%3A%22DEFAULT%22%2C%22ip%22%3A%22192.168.1.103%22%2C%22metadata%22%3A%7B%22preserved.register.source%22%3A%22SPRING_CLOUD%22%7D%2C%22period%22%3A5000%2C%22port%22%3A3377%2C%22scheduled%22%3Afalse%2C%22serviceName%22%3A%22DEFAULT_GROUP%40%40nacos-config-client%22%2C%22stopped%22%3Afalse%2C%22weight%22%3A1.0%7D&serviceName=DEFAULT_GROUP%40%40nacos-config-client&encoding=UTF-8&namespaceId=public HTTP/1.1" 200 75 6 Nacos-Java-Client:v1.1.1
127.0.0.1 - - [10/Oct/2020:18:59:21 +0800] "PUT /nacos/v1/ns/instance/beat?beat=%7B%22cluster%22%3A%22DEFAULT%22%2C%22ip%22%3A%22192.168.1.103%22%2C%22metadata%22%3A%7B%22preserved.register.source%22%3A%22SPRING_CLOUD%22%7D%2C%22period%22%3A5000%2C%22port%22%3A3377%2C%22scheduled%22%3Afalse%2C%22serviceName%22%3A%22DEFAULT_GROUP%40%40nacos-config-client%22%2C%22stopped%22%3Afalse%2C%22weight%22%3A1.0%7D&serviceName=DEFAULT_GROUP%40%40nacos-config-client&encoding=UTF-8&namespaceId=public HTTP/1.1" 200 75 4 Nacos-Java-Client:v1.1.1
127.0.0.1 - - [10/Oct/2020:18:59:26 +0800] "PUT /nacos/v1/ns/instance/beat?beat=%7B%22cluster%22%3A%22DEFAULT%22%2C%22ip%22%3A%22192.168.1.103%22%2C%22metadata%22%3A%7B%22preserved.register.source%22%3A%22SPRING_CLOUD%22%7D%2C%22period%22%3A5000%2C%22port%22%3A3377%2C%22scheduled%22%3Afalse%2C%22serviceName%22%3A%22DEFAULT_GROUP%40%40nacos-config-client%22%2C%22stopped%22%3Afalse%2C%22weight%22%3A1.0%7D&serviceName=DEFAULT_GROUP%40%40nacos-config-client&encoding=UTF-8&namespaceId=public HTTP/1.1" 200 75 3 Nacos-Java-Client:v1.1.1
127.0.0.1 - - [10/Oct/2020:18:59:31 +0800] "PUT /nacos/v1/ns/instance/beat?beat=%7B%22cluster%22%3A%22DEFAULT%22%2C%22ip%22%3A%22192.168.1.103%22%2C%22metadata%22%3A%7B%22preserved.register.source%22%3A%22SPRING_CLOUD%22%7D%2C%22period%22%3A5000%2C%22port%22%3A3377%2C%22scheduled%22%3Afalse%2C%22serviceName%22%3A%22DEFAULT_GROUP%40%40nacos-config-client%22%2C%22stopped%22%3Afalse%2C%22weight%22%3A1.0%7D&serviceName=DEFAULT_GROUP%40%40nacos-config-client&encoding=UTF-8&namespaceId=public HTTP/1.1" 200 75 4 Nacos-Java-Client:v1.1.1
127.0.0.1 - - [10/Oct/2020:18:59:36 +0800] "PUT /nacos/v1/ns/instance/beat?beat=%7B%22cluster%22%3A%22DEFAULT%22%2C%22ip%22%3A%22192.168.1.103%22%2C%22metadata%22%3A%7B%22preserved.register.source%22%3A%22SPRING_CLOUD%22%7D%2C%22period%22%3A5000%2C%22port%22%3A3377%2C%22scheduled%22%3Afalse%2C%22serviceName%22%3A%22DEFAULT_GROUP%40%40nacos-config-client%22%2C%22stopped%22%3Afalse%2C%22weight%22%3A1.0%7D&serviceName=DEFAULT_GROUP%40%40nacos-config-client&encoding=UTF-8&namespaceId=public HTTP/1.1" 200 75 2 Nacos-Java-Client:v1.1.1
127.0.0.1 - - [10/Oct/2020:18:59:41 +0800] "PUT /nacos/v1/ns/instance/beat?beat=%7B%22cluster%22%3A%22DEFAULT%22%2C%22ip%22%3A%22192.168.1.103%22%2C%22metadata%22%3A%7B%22preserved.register.source%22%3A%22SPRING_CLOUD%22%7D%2C%22period%22%3A5000%2C%22port%22%3A3377%2C%22scheduled%22%3Afalse%2C%22serviceName%22%3A%22DEFAULT_GROUP%40%40nacos-config-client%22%2C%22stopped%22%3Afalse%2C%22weight%22%3A1.0%7D&serviceName=DEFAULT_GROUP%40%40nacos-config-client&encoding=UTF-8&namespaceId=public HTTP/1.1" 200 75 3 Nacos-Java-Client:v1.1.1
127.0.0.1 - - [10/Oct/2020:18:59:45 +0800] "POST /nacos/v1/cs/configs/listener HTTP/1.1" 200 - 29520 Java/13.0.1
127.0.0.1 - - [10/Oct/2020:18:59:46 +0800] "PUT /nacos/v1/ns/instance/beat?beat=%7B%22cluster%22%3A%22DEFAULT%22%2C%22ip%22%3A%22192.168.1.103%22%2C%22metadata%22%3A%7B%22preserved.register.source%22%3A%22SPRING_CLOUD%22%7D%2C%22period%22%3A5000%2C%22port%22%3A3377%2C%22scheduled%22%3Afalse%2C%22serviceName%22%3A%22DEFAULT_GROUP%40%40nacos-config-client%22%2C%22stopped%22%3Afalse%2C%22weight%22%3A1.0%7D&serviceName=DEFAULT_GROUP%40%40nacos-config-client&encoding=UTF-8&namespaceId=public HTTP/1.1" 200 75 6 Nacos-Java-Client:v1.1.1
127.0.0.1 - - [10/Oct/2020:18:59:51 +0800] "PUT /nacos/v1/ns/instance/beat?beat=%7B%22cluster%22%3A%22DEFAULT%22%2C%22ip%22%3A%22192.168.1.103%22%2C%22metadata%22%3A%7B%22preserved.register.source%22%3A%22SPRING_CLOUD%22%7D%2C%22period%22%3A5000%2C%22port%22%3A3377%2C%22scheduled%22%3Afalse%2C%22serviceName%22%3A%22DEFAULT_GROUP%40%40nacos-config-client%22%2C%22stopped%22%3Afalse%2C%22weight%22%3A1.0%7D&serviceName=DEFAULT_GROUP%40%40nacos-config-client&encoding=UTF-8&namespaceId=public HTTP/1.1" 200 75 2 Nacos-Java-Client:v1.1.1
127.0.0.1 - - [10/Oct/2020:18:59:56 +0800] "PUT /nacos/v1/ns/instance/beat?beat=%7B%22cluster%22%3A%22DEFAULT%22%2C%22ip%22%3A%22192.168.1.103%22%2C%22metadata%22%3A%7B%22preserved.register.source%22%3A%22SPRING_CLOUD%22%7D%2C%22period%22%3A5000%2C%22port%22%3A3377%2C%22scheduled%22%3Afalse%2C%22serviceName%22%3A%22DEFAULT_GROUP%40%40nacos-config-client%22%2C%22stopped%22%3Afalse%2C%22weight%22%3A1.0%7D&serviceName=DEFAULT_GROUP%40%40nacos-config-client&encoding=UTF-8&namespaceId=public HTTP/1.1" 200 75 3 Nacos-Java-Client:v1.1.1
127.0.0.1 - - [10/Oct/2020:19:00:01 +0800] "PUT /nacos/v1/ns/instance/beat?beat=%7B%22cluster%22%3A%22DEFAULT%22%2C%22ip%22%3A%22192.168.1.103%22%2C%22metadata%22%3A%7B%22preserved.register.source%22%3A%22SPRING_CLOUD%22%7D%2C%22period%22%3A5000%2C%22port%22%3A3377%2C%22scheduled%22%3Afalse%2C%22serviceName%22%3A%22DEFAULT_GROUP%40%40nacos-config-client%22%2C%22stopped%22%3Afalse%2C%22weight%22%3A1.0%7D&serviceName=DEFAULT_GROUP%40%40nacos-config-client&encoding=UTF-8&namespaceId=public HTTP/1.1" 200 75 3 Nacos-Java-Client:v1.1.1
127.0.0.1 - - [10/Oct/2020:19:00:06 +0800] "PUT /nacos/v1/ns/instance/beat?beat=%7B%22cluster%22%3A%22DEFAULT%22%2C%22ip%22%3A%22192.168.1.103%22%2C%22metadata%22%3A%7B%22preserved.register.source%22%3A%22SPRING_CLOUD%22%7D%2C%22period%22%3A5000%2C%22port%22%3A3377%2C%22scheduled%22%3Afalse%2C%22serviceName%22%3A%22DEFAULT_GROUP%40%40nacos-config-client%22%2C%22stopped%22%3Afalse%2C%22weight%22%3A1.0%7D&serviceName=DEFAULT_GROUP%40%40nacos-config-client&encoding=UTF-8&namespaceId=public HTTP/1.1" 200 75 3 Nacos-Java-Client:v1.1.1
127.0.0.1 - - [10/Oct/2020:19:00:11 +0800] "PUT /nacos/v1/ns/instance/beat?beat=%7B%22cluster%22%3A%22DEFAULT%22%2C%22ip%22%3A%22192.168.1.103%22%2C%22metadata%22%3A%7B%22preserved.register.source%22%3A%22SPRING_CLOUD%22%7D%2C%22period%22%3A5000%2C%22port%22%3A3377%2C%22scheduled%22%3Afalse%2C%22serviceName%22%3A%22DEFAULT_GROUP%40%40nacos-config-client%22%2C%22stopped%22%3Afalse%2C%22weight%22%3A1.0%7D&serviceName=DEFAULT_GROUP%40%40nacos-config-client&encoding=UTF-8&namespaceId=public HTTP/1.1" 200 75 3 Nacos-Java-Client:v1.1.1
127.0.0.1 - - [10/Oct/2020:19:00:14 +0800] "POST /nacos/v1/cs/configs/listener HTTP/1.1" 200 - 29520 Java/13.0.1
127.0.0.1 - - [10/Oct/2020:19:00:16 +0800] "PUT /nacos/v1/ns/instance/beat?beat=%7B%22cluster%22%3A%22DEFAULT%22%2C%22ip%22%3A%22192.168.1.103%22%2C%22metadata%22%3A%7B%22preserved.register.source%22%3A%22SPRING_CLOUD%22%7D%2C%22period%22%3A5000%2C%22port%22%3A3377%2C%22scheduled%22%3Afalse%2C%22serviceName%22%3A%22DEFAULT_GROUP%40%40nacos-config-client%22%2C%22stopped%22%3Afalse%2C%22weight%22%3A1.0%7D&serviceName=DEFAULT_GROUP%40%40nacos-config-client&encoding=UTF-8&namespaceId=public HTTP/1.1" 200 75 3 Nacos-Java-Client:v1.1.1
127.0.0.1 - - [10/Oct/2020:19:00:21 +0800] "PUT /nacos/v1/ns/instance/beat?beat=%7B%22cluster%22%3A%22DEFAULT%22%2C%22ip%22%3A%22192.168.1.103%22%2C%22metadata%22%3A%7B%22preserved.register.source%22%3A%22SPRING_CLOUD%22%7D%2C%22period%22%3A5000%2C%22port%22%3A3377%2C%22scheduled%22%3Afalse%2C%22serviceName%22%3A%22DEFAULT_GROUP%40%40nacos-config-client%22%2C%22stopped%22%3Afalse%2C%22weight%22%3A1.0%7D&serviceName=DEFAULT_GROUP%40%40nacos-config-client&encoding=UTF-8&namespaceId=public HTTP/1.1" 200 75 3 Nacos-Java-Client:v1.1.1
127.0.0.1 - - [10/Oct/2020:19:00:26 +0800] "PUT /nacos/v1/ns/instance/beat?beat=%7B%22cluster%22%3A%22DEFAULT%22%2C%22ip%22%3A%22192.168.1.103%22%2C%22metadata%22%3A%7B%22preserved.register.source%22%3A%22SPRING_CLOUD%22%7D%2C%22period%22%3A5000%2C%22port%22%3A3377%2C%22scheduled%22%3Afalse%2C%22serviceName%22%3A%22DEFAULT_GROUP%40%40nacos-config-client%22%2C%22stopped%22%3Afalse%2C%22weight%22%3A1.0%7D&serviceName=DEFAULT_GROUP%40%40nacos-config-client&encoding=UTF-8&namespaceId=public HTTP/1.1" 200 75 5 Nacos-Java-Client:v1.1.1
127.0.0.1 - - [10/Oct/2020:19:00:31 +0800] "PUT /nacos/v1/ns/instance/beat?beat=%7B%22cluster%22%3A%22DEFAULT%22%2C%22ip%22%3A%22192.168.1.103%22%2C%22metadata%22%3A%7B%22preserved.register.source%22%3A%22SPRING_CLOUD%22%7D%2C%22period%22%3A5000%2C%22port%22%3A3377%2C%22scheduled%22%3Afalse%2C%22serviceName%22%3A%22DEFAULT_GROUP%40%40nacos-config-client%22%2C%22stopped%22%3Afalse%2C%22weight%22%3A1.0%7D&serviceName=DEFAULT_GROUP%40%40nacos-config-client&encoding=UTF-8&namespaceId=public HTTP/1.1" 200 75 3 Nacos-Java-Client:v1.1.1
127.0.0.1 - - [10/Oct/2020:19:00:36 +0800] "PUT /nacos/v1/ns/instance/beat?beat=%7B%22cluster%22%3A%22DEFAULT%22%2C%22ip%22%3A%22192.168.1.103%22%2C%22metadata%22%3A%7B%22preserved.register.source%22%3A%22SPRING_CLOUD%22%7D%2C%22period%22%3A5000%2C%22port%22%3A3377%2C%22scheduled%22%3Afalse%2C%22serviceName%22%3A%22DEFAULT_GROUP%40%40nacos-config-client%22%2C%22stopped%22%3Afalse%2C%22weight%22%3A1.0%7D&serviceName=DEFAULT_GROUP%40%40nacos-config-client&encoding=UTF-8&namespaceId=public HTTP/1.1" 200 75 4 Nacos-Java-Client:v1.1.1
0:0:0:0:0:0:0:1 - - [10/Oct/2020:19:00:38 +0800] "GET /nacos/v1/cs/configs?dataId=&group=&appName=&config_tags=&pageNo=1&pageSize=10&tenant=&search=accurate&accessToken=eyJhbGciOiJIUzI1NiJ9.eyJzdWIiOiJuYWNvcyIsImV4cCI6MTYwMjI0NTk3MH0.WQtTWZahcPT3H8PAnXYfTd7hJvMZZ66ptYyOH_CAOOg HTTP/1.1" 200 300 5 Mozilla/5.0 (Windows NT 10.0; Win64; x64) AppleWebKit/537.36 (KHTML, like Gecko) Chrome/86.0.4240.75 Safari/537.36 Edg/86.0.622.38
0:0:0:0:0:0:0:1 - - [10/Oct/2020:19:00:39 +0800] "GET /nacos/v1/console/namespaces?&accessToken=eyJhbGciOiJIUzI1NiJ9.eyJzdWIiOiJuYWNvcyIsImV4cCI6MTYwMjI0NTk3MH0.WQtTWZahcPT3H8PAnXYfTd7hJvMZZ66ptYyOH_CAOOg&namespaceId= HTTP/1.1" 200 130 4 Mozilla/5.0 (Windows NT 10.0; Win64; x64) AppleWebKit/537.36 (KHTML, like Gecko) Chrome/86.0.4240.75 Safari/537.36 Edg/86.0.622.38
127.0.0.1 - - [10/Oct/2020:19:00:41 +0800] "PUT /nacos/v1/ns/instance/beat?beat=%7B%22cluster%22%3A%22DEFAULT%22%2C%22ip%22%3A%22192.168.1.103%22%2C%22metadata%22%3A%7B%22preserved.register.source%22%3A%22SPRING_CLOUD%22%7D%2C%22period%22%3A5000%2C%22port%22%3A3377%2C%22scheduled%22%3Afalse%2C%22serviceName%22%3A%22DEFAULT_GROUP%40%40nacos-config-client%22%2C%22stopped%22%3Afalse%2C%22weight%22%3A1.0%7D&serviceName=DEFAULT_GROUP%40%40nacos-config-client&encoding=UTF-8&namespaceId=public HTTP/1.1" 200 75 2 Nacos-Java-Client:v1.1.1
127.0.0.1 - - [10/Oct/2020:19:00:44 +0800] "POST /nacos/v1/cs/configs/listener HTTP/1.1" 200 - 29507 Java/13.0.1
127.0.0.1 - - [10/Oct/2020:19:00:46 +0800] "PUT /nacos/v1/ns/instance/beat?beat=%7B%22cluster%22%3A%22DEFAULT%22%2C%22ip%22%3A%22192.168.1.103%22%2C%22metadata%22%3A%7B%22preserved.register.source%22%3A%22SPRING_CLOUD%22%7D%2C%22period%22%3A5000%2C%22port%22%3A3377%2C%22scheduled%22%3Afalse%2C%22serviceName%22%3A%22DEFAULT_GROUP%40%40nacos-config-client%22%2C%22stopped%22%3Afalse%2C%22weight%22%3A1.0%7D&serviceName=DEFAULT_GROUP%40%40nacos-config-client&encoding=UTF-8&namespaceId=public HTTP/1.1" 200 75 3 Nacos-Java-Client:v1.1.1
0:0:0:0:0:0:0:1 - - [10/Oct/2020:19:00:50 +0800] "GET /nacos/v1/cs/configs?dataId=&group=&appName=&config_tags=&pageNo=1&pageSize=10&tenant=&search=accurate&accessToken=eyJhbGciOiJIUzI1NiJ9.eyJzdWIiOiJuYWNvcyIsImV4cCI6MTYwMjI0NTk3MH0.WQtTWZahcPT3H8PAnXYfTd7hJvMZZ66ptYyOH_CAOOg HTTP/1.1" 200 300 5 Mozilla/5.0 (Windows NT 10.0; Win64; x64) AppleWebKit/537.36 (KHTML, like Gecko) Chrome/86.0.4240.75 Safari/537.36 Edg/86.0.622.38
127.0.0.1 - - [10/Oct/2020:19:00:51 +0800] "PUT /nacos/v1/ns/instance/beat?beat=%7B%22cluster%22%3A%22DEFAULT%22%2C%22ip%22%3A%22192.168.1.103%22%2C%22metadata%22%3A%7B%22preserved.register.source%22%3A%22SPRING_CLOUD%22%7D%2C%22period%22%3A5000%2C%22port%22%3A3377%2C%22scheduled%22%3Afalse%2C%22serviceName%22%3A%22DEFAULT_GROUP%40%40nacos-config-client%22%2C%22stopped%22%3Afalse%2C%22weight%22%3A1.0%7D&serviceName=DEFAULT_GROUP%40%40nacos-config-client&encoding=UTF-8&namespaceId=public HTTP/1.1" 200 75 3 Nacos-Java-Client:v1.1.1
0:0:0:0:0:0:0:1 - - [10/Oct/2020:19:00:55 +0800] "GET /nacos/v1/console/namespaces?&accessToken=eyJhbGciOiJIUzI1NiJ9.eyJzdWIiOiJuYWNvcyIsImV4cCI6MTYwMjI0NTk3MH0.WQtTWZahcPT3H8PAnXYfTd7hJvMZZ66ptYyOH_CAOOg&namespaceId= HTTP/1.1" 200 130 5 Mozilla/5.0 (Windows NT 10.0; Win64; x64) AppleWebKit/537.36 (KHTML, like Gecko) Chrome/86.0.4240.75 Safari/537.36 Edg/86.0.622.38
127.0.0.1 - - [10/Oct/2020:19:00:56 +0800] "PUT /nacos/v1/ns/instance/beat?beat=%7B%22cluster%22%3A%22DEFAULT%22%2C%22ip%22%3A%22192.168.1.103%22%2C%22metadata%22%3A%7B%22preserved.register.source%22%3A%22SPRING_CLOUD%22%7D%2C%22period%22%3A5000%2C%22port%22%3A3377%2C%22scheduled%22%3Afalse%2C%22serviceName%22%3A%22DEFAULT_GROUP%40%40nacos-config-client%22%2C%22stopped%22%3Afalse%2C%22weight%22%3A1.0%7D&serviceName=DEFAULT_GROUP%40%40nacos-config-client&encoding=UTF-8&namespaceId=public HTTP/1.1" 200 75 3 Nacos-Java-Client:v1.1.1
127.0.0.1 - - [10/Oct/2020:19:01:01 +0800] "PUT /nacos/v1/ns/instance/beat?beat=%7B%22cluster%22%3A%22DEFAULT%22%2C%22ip%22%3A%22192.168.1.103%22%2C%22metadata%22%3A%7B%22preserved.register.source%22%3A%22SPRING_CLOUD%22%7D%2C%22period%22%3A5000%2C%22port%22%3A3377%2C%22scheduled%22%3Afalse%2C%22serviceName%22%3A%22DEFAULT_GROUP%40%40nacos-config-client%22%2C%22stopped%22%3Afalse%2C%22weight%22%3A1.0%7D&serviceName=DEFAULT_GROUP%40%40nacos-config-client&encoding=UTF-8&namespaceId=public HTTP/1.1" 200 75 3 Nacos-Java-Client:v1.1.1
127.0.0.1 - - [10/Oct/2020:19:01:06 +0800] "PUT /nacos/v1/ns/instance/beat?beat=%7B%22cluster%22%3A%22DEFAULT%22%2C%22ip%22%3A%22192.168.1.103%22%2C%22metadata%22%3A%7B%22preserved.register.source%22%3A%22SPRING_CLOUD%22%7D%2C%22period%22%3A5000%2C%22port%22%3A3377%2C%22scheduled%22%3Afalse%2C%22serviceName%22%3A%22DEFAULT_GROUP%40%40nacos-config-client%22%2C%22stopped%22%3Afalse%2C%22weight%22%3A1.0%7D&serviceName=DEFAULT_GROUP%40%40nacos-config-client&encoding=UTF-8&namespaceId=public HTTP/1.1" 200 75 3 Nacos-Java-Client:v1.1.1
127.0.0.1 - - [10/Oct/2020:19:01:11 +0800] "PUT /nacos/v1/ns/instance/beat?beat=%7B%22cluster%22%3A%22DEFAULT%22%2C%22ip%22%3A%22192.168.1.103%22%2C%22metadata%22%3A%7B%22preserved.register.source%22%3A%22SPRING_CLOUD%22%7D%2C%22period%22%3A5000%2C%22port%22%3A3377%2C%22scheduled%22%3Afalse%2C%22serviceName%22%3A%22DEFAULT_GROUP%40%40nacos-config-client%22%2C%22stopped%22%3Afalse%2C%22weight%22%3A1.0%7D&serviceName=DEFAULT_GROUP%40%40nacos-config-client&encoding=UTF-8&namespaceId=public HTTP/1.1" 200 75 3 Nacos-Java-Client:v1.1.1
127.0.0.1 - - [10/Oct/2020:19:01:13 +0800] "POST /nacos/v1/cs/configs/listener HTTP/1.1" 200 - 29517 Java/13.0.1
127.0.0.1 - - [10/Oct/2020:19:01:16 +0800] "PUT /nacos/v1/ns/instance/beat?beat=%7B%22cluster%22%3A%22DEFAULT%22%2C%22ip%22%3A%22192.168.1.103%22%2C%22metadata%22%3A%7B%22preserved.register.source%22%3A%22SPRING_CLOUD%22%7D%2C%22period%22%3A5000%2C%22port%22%3A3377%2C%22scheduled%22%3Afalse%2C%22serviceName%22%3A%22DEFAULT_GROUP%40%40nacos-config-client%22%2C%22stopped%22%3Afalse%2C%22weight%22%3A1.0%7D&serviceName=DEFAULT_GROUP%40%40nacos-config-client&encoding=UTF-8&namespaceId=public HTTP/1.1" 200 75 1 Nacos-Java-Client:v1.1.1
127.0.0.1 - - [10/Oct/2020:19:01:21 +0800] "PUT /nacos/v1/ns/instance/beat?beat=%7B%22cluster%22%3A%22DEFAULT%22%2C%22ip%22%3A%22192.168.1.103%22%2C%22metadata%22%3A%7B%22preserved.register.source%22%3A%22SPRING_CLOUD%22%7D%2C%22period%22%3A5000%2C%22port%22%3A3377%2C%22scheduled%22%3Afalse%2C%22serviceName%22%3A%22DEFAULT_GROUP%40%40nacos-config-client%22%2C%22stopped%22%3Afalse%2C%22weight%22%3A1.0%7D&serviceName=DEFAULT_GROUP%40%40nacos-config-client&encoding=UTF-8&namespaceId=public HTTP/1.1" 200 75 3 Nacos-Java-Client:v1.1.1
127.0.0.1 - - [10/Oct/2020:19:01:26 +0800] "PUT /nacos/v1/ns/instance/beat?beat=%7B%22cluster%22%3A%22DEFAULT%22%2C%22ip%22%3A%22192.168.1.103%22%2C%22metadata%22%3A%7B%22preserved.register.source%22%3A%22SPRING_CLOUD%22%7D%2C%22period%22%3A5000%2C%22port%22%3A3377%2C%22scheduled%22%3Afalse%2C%22serviceName%22%3A%22DEFAULT_GROUP%40%40nacos-config-client%22%2C%22stopped%22%3Afalse%2C%22weight%22%3A1.0%7D&serviceName=DEFAULT_GROUP%40%40nacos-config-client&encoding=UTF-8&namespaceId=public HTTP/1.1" 200 75 2 Nacos-Java-Client:v1.1.1
127.0.0.1 - - [10/Oct/2020:19:01:31 +0800] "PUT /nacos/v1/ns/instance/beat?beat=%7B%22cluster%22%3A%22DEFAULT%22%2C%22ip%22%3A%22192.168.1.103%22%2C%22metadata%22%3A%7B%22preserved.register.source%22%3A%22SPRING_CLOUD%22%7D%2C%22period%22%3A5000%2C%22port%22%3A3377%2C%22scheduled%22%3Afalse%2C%22serviceName%22%3A%22DEFAULT_GROUP%40%40nacos-config-client%22%2C%22stopped%22%3Afalse%2C%22weight%22%3A1.0%7D&serviceName=DEFAULT_GROUP%40%40nacos-config-client&encoding=UTF-8&namespaceId=public HTTP/1.1" 200 75 3 Nacos-Java-Client:v1.1.1
127.0.0.1 - - [10/Oct/2020:19:01:36 +0800] "PUT /nacos/v1/ns/instance/beat?beat=%7B%22cluster%22%3A%22DEFAULT%22%2C%22ip%22%3A%22192.168.1.103%22%2C%22metadata%22%3A%7B%22preserved.register.source%22%3A%22SPRING_CLOUD%22%7D%2C%22period%22%3A5000%2C%22port%22%3A3377%2C%22scheduled%22%3Afalse%2C%22serviceName%22%3A%22DEFAULT_GROUP%40%40nacos-config-client%22%2C%22stopped%22%3Afalse%2C%22weight%22%3A1.0%7D&serviceName=DEFAULT_GROUP%40%40nacos-config-client&encoding=UTF-8&namespaceId=public HTTP/1.1" 200 75 3 Nacos-Java-Client:v1.1.1
127.0.0.1 - - [10/Oct/2020:19:01:41 +0800] "PUT /nacos/v1/ns/instance/beat?beat=%7B%22cluster%22%3A%22DEFAULT%22%2C%22ip%22%3A%22192.168.1.103%22%2C%22metadata%22%3A%7B%22preserved.register.source%22%3A%22SPRING_CLOUD%22%7D%2C%22period%22%3A5000%2C%22port%22%3A3377%2C%22scheduled%22%3Afalse%2C%22serviceName%22%3A%22DEFAULT_GROUP%40%40nacos-config-client%22%2C%22stopped%22%3Afalse%2C%22weight%22%3A1.0%7D&serviceName=DEFAULT_GROUP%40%40nacos-config-client&encoding=UTF-8&namespaceId=public HTTP/1.1" 200 75 4 Nacos-Java-Client:v1.1.1
127.0.0.1 - - [10/Oct/2020:19:01:43 +0800] "POST /nacos/v1/cs/configs/listener HTTP/1.1" 200 - 29516 Java/13.0.1
127.0.0.1 - - [10/Oct/2020:19:01:46 +0800] "PUT /nacos/v1/ns/instance/beat?beat=%7B%22cluster%22%3A%22DEFAULT%22%2C%22ip%22%3A%22192.168.1.103%22%2C%22metadata%22%3A%7B%22preserved.register.source%22%3A%22SPRING_CLOUD%22%7D%2C%22period%22%3A5000%2C%22port%22%3A3377%2C%22scheduled%22%3Afalse%2C%22serviceName%22%3A%22DEFAULT_GROUP%40%40nacos-config-client%22%2C%22stopped%22%3Afalse%2C%22weight%22%3A1.0%7D&serviceName=DEFAULT_GROUP%40%40nacos-config-client&encoding=UTF-8&namespaceId=public HTTP/1.1" 200 75 2 Nacos-Java-Client:v1.1.1
127.0.0.1 - - [10/Oct/2020:19:01:51 +0800] "PUT /nacos/v1/ns/instance/beat?beat=%7B%22cluster%22%3A%22DEFAULT%22%2C%22ip%22%3A%22192.168.1.103%22%2C%22metadata%22%3A%7B%22preserved.register.source%22%3A%22SPRING_CLOUD%22%7D%2C%22period%22%3A5000%2C%22port%22%3A3377%2C%22scheduled%22%3Afalse%2C%22serviceName%22%3A%22DEFAULT_GROUP%40%40nacos-config-client%22%2C%22stopped%22%3Afalse%2C%22weight%22%3A1.0%7D&serviceName=DEFAULT_GROUP%40%40nacos-config-client&encoding=UTF-8&namespaceId=public HTTP/1.1" 200 75 3 Nacos-Java-Client:v1.1.1
127.0.0.1 - - [10/Oct/2020:19:01:56 +0800] "PUT /nacos/v1/ns/instance/beat?beat=%7B%22cluster%22%3A%22DEFAULT%22%2C%22ip%22%3A%22192.168.1.103%22%2C%22metadata%22%3A%7B%22preserved.register.source%22%3A%22SPRING_CLOUD%22%7D%2C%22period%22%3A5000%2C%22port%22%3A3377%2C%22scheduled%22%3Afalse%2C%22serviceName%22%3A%22DEFAULT_GROUP%40%40nacos-config-client%22%2C%22stopped%22%3Afalse%2C%22weight%22%3A1.0%7D&serviceName=DEFAULT_GROUP%40%40nacos-config-client&encoding=UTF-8&namespaceId=public HTTP/1.1" 200 75 2 Nacos-Java-Client:v1.1.1
127.0.0.1 - - [10/Oct/2020:19:02:01 +0800] "PUT /nacos/v1/ns/instance/beat?beat=%7B%22cluster%22%3A%22DEFAULT%22%2C%22ip%22%3A%22192.168.1.103%22%2C%22metadata%22%3A%7B%22preserved.register.source%22%3A%22SPRING_CLOUD%22%7D%2C%22period%22%3A5000%2C%22port%22%3A3377%2C%22scheduled%22%3Afalse%2C%22serviceName%22%3A%22DEFAULT_GROUP%40%40nacos-config-client%22%2C%22stopped%22%3Afalse%2C%22weight%22%3A1.0%7D&serviceName=DEFAULT_GROUP%40%40nacos-config-client&encoding=UTF-8&namespaceId=public HTTP/1.1" 200 75 3 Nacos-Java-Client:v1.1.1
127.0.0.1 - - [10/Oct/2020:19:02:06 +0800] "PUT /nacos/v1/ns/instance/beat?beat=%7B%22cluster%22%3A%22DEFAULT%22%2C%22ip%22%3A%22192.168.1.103%22%2C%22metadata%22%3A%7B%22preserved.register.source%22%3A%22SPRING_CLOUD%22%7D%2C%22period%22%3A5000%2C%22port%22%3A3377%2C%22scheduled%22%3Afalse%2C%22serviceName%22%3A%22DEFAULT_GROUP%40%40nacos-config-client%22%2C%22stopped%22%3Afalse%2C%22weight%22%3A1.0%7D&serviceName=DEFAULT_GROUP%40%40nacos-config-client&encoding=UTF-8&namespaceId=public HTTP/1.1" 200 75 3 Nacos-Java-Client:v1.1.1
127.0.0.1 - - [10/Oct/2020:19:02:11 +0800] "PUT /nacos/v1/ns/instance/beat?beat=%7B%22cluster%22%3A%22DEFAULT%22%2C%22ip%22%3A%22192.168.1.103%22%2C%22metadata%22%3A%7B%22preserved.register.source%22%3A%22SPRING_CLOUD%22%7D%2C%22period%22%3A5000%2C%22port%22%3A3377%2C%22scheduled%22%3Afalse%2C%22serviceName%22%3A%22DEFAULT_GROUP%40%40nacos-config-client%22%2C%22stopped%22%3Afalse%2C%22weight%22%3A1.0%7D&serviceName=DEFAULT_GROUP%40%40nacos-config-client&encoding=UTF-8&namespaceId=public HTTP/1.1" 200 75 3 Nacos-Java-Client:v1.1.1
127.0.0.1 - - [10/Oct/2020:19:02:12 +0800] "POST /nacos/v1/cs/configs/listener HTTP/1.1" 200 - 29503 Java/13.0.1
127.0.0.1 - - [10/Oct/2020:19:02:16 +0800] "PUT /nacos/v1/ns/instance/beat?beat=%7B%22cluster%22%3A%22DEFAULT%22%2C%22ip%22%3A%22192.168.1.103%22%2C%22metadata%22%3A%7B%22preserved.register.source%22%3A%22SPRING_CLOUD%22%7D%2C%22period%22%3A5000%2C%22port%22%3A3377%2C%22scheduled%22%3Afalse%2C%22serviceName%22%3A%22DEFAULT_GROUP%40%40nacos-config-client%22%2C%22stopped%22%3Afalse%2C%22weight%22%3A1.0%7D&serviceName=DEFAULT_GROUP%40%40nacos-config-client&encoding=UTF-8&namespaceId=public HTTP/1.1" 200 75 3 Nacos-Java-Client:v1.1.1
